#
# There is insufficient memory for the Java Runtime Environment to continue.
# Native memory allocation (malloc) failed to allocate 1876352 bytes. Error detail: Chunk::new
# Possible reasons:
#   The system is out of physical RAM or swap space
#   This process is running with CompressedOops enabled, and the Java Heap may be blocking the growth of the native heap
# Possible solutions:
#   Reduce memory load on the system
#   Increase physical memory or swap space
#   Check if swap backing store is full
#   Decrease Java heap size (-Xmx/-Xms)
#   Decrease number of Java threads
#   Decrease Java thread stack sizes (-Xss)
#   Set larger code cache with -XX:ReservedCodeCacheSize=
#   JVM is running with Unscaled Compressed Oops mode in which the Java heap is
#     placed in the first 4GB address space. The Java Heap base address is the
#     maximum limit for the native heap growth. Please use -XX:HeapBaseMinAddress
#     to set the Java Heap base and to place the Java Heap above 4GB virtual address.
# This output file may be truncated or incomplete.
#
#  Out of Memory Error (arena.cpp:168), pid=4116, tid=23760
#
# JRE version: OpenJDK Runtime Environment Temurin-21.0.11+10 (21.0.11+10) (build 21.0.11+10-LTS)
# Java VM: OpenJDK 64-Bit Server VM Temurin-21.0.11+10 (21.0.11+10-LTS, mixed mode, sharing, tiered, compressed oops, compressed class ptrs, parallel gc, windows-amd64)
# No core dump will be written. Minidumps are not enabled by default on client versions of Windows
#

---------------  S U M M A R Y ------------

Command Line: --add-modules=ALL-SYSTEM --add-opens=java.base/java.util=ALL-UNNAMED --add-opens=java.base/java.lang=ALL-UNNAMED --add-opens=java.base/sun.nio.fs=ALL-UNNAMED -Declipse.application=org.eclipse.jdt.ls.core.id1 -Dosgi.bundles.defaultStartLevel=4 -Declipse.product=org.eclipse.jdt.ls.core.product -Djava.import.generatesMetadataFilesAtProjectRoot=false -DDetectVMInstallationsJob.disabled=true -Dfile.encoding=utf8 -XX:+UseParallelGC -XX:GCTimeRatio=4 -XX:AdaptiveSizePolicyWeight=90 -Dsun.zip.disableMemoryMapping=true -Xmx2G -Xms100m -Xlog:disable -javaagent:c:\Users\chara\.vscode\extensions\redhat.java-1.55.0-win32-x64\lombok\lombok-1.18.39-4050.jar c:\Users\chara\.vscode\extensions\redhat.java-1.55.0-win32-x64\server\plugins\org.eclipse.equinox.launcher_1.7.200.v20260619-2039.jar -configuration c:\Users\chara\AppData\Roaming\Code\User\globalStorage\redhat.java\1.55.0\config_ss_win -data c:\Users\chara\AppData\Roaming\Code\User\workspaceStorage\a199417ad5ca6d0e7220fd05dc3a5e19\redhat.java\ss_ws --pipe=\\.\pipe\lsp-f9932d90af3619c748804b67742360f2-sock

Host: 13th Gen Intel(R) Core(TM) i5-1335U, 12 cores, 15G,  Windows 11 , 64 bit Build 26100 (10.0.26100.8521)
Time: Thu Jul  2 12:08:26 2026 India Standard Time elapsed time: 29.139575 seconds (0d 0h 0m 29s)

---------------  T H R E A D  ---------------

Current thread (0x000001fb4990dd50):  JavaThread "C2 CompilerThread2" daemon [_thread_in_native, id=23760, stack(0x000000fb5d200000,0x000000fb5d300000) (1024K)]


Current CompileTask:
C2:29139 4966       4       org.lombokweb.asm.ClassReader::readMethod (1070 bytes)

Stack: [0x000000fb5d200000,0x000000fb5d300000]
Native frames: (J=compiled Java code, j=interpreted, Vv=VM code, C=native code)
V  [jvm.dll+0x6d7e19]
V  [jvm.dll+0x8b5096]
V  [jvm.dll+0x8b764e]
V  [jvm.dll+0x8b7d33]
V  [jvm.dll+0x284596]
V  [jvm.dll+0xc685d]
V  [jvm.dll+0xc6da1]
V  [jvm.dll+0x3bed6b]
V  [jvm.dll+0x1e3f42]
V  [jvm.dll+0x24c853]
V  [jvm.dll+0x24bce0]
V  [jvm.dll+0x1cb4ae]
V  [jvm.dll+0x25baad]
V  [jvm.dll+0x25a03a]
V  [jvm.dll+0x3f868e]
V  [jvm.dll+0x85fb0d]
V  [jvm.dll+0x6d664d]
C  [ucrtbase.dll+0x2cd30]
C  [KERNEL32.DLL+0x2e957]
C  [ntdll.dll+0x87c1c]


---------------  P R O C E S S  ---------------

Threads class SMR info:
_java_thread_list=0x000001fb48dc2d70, length=49, elements={
0x000001fb6990b900, 0x000001fb436544b0, 0x000001fb005fd660, 0x000001fb436628a0,
0x000001fb43663690, 0x000001fb43666a10, 0x000001fb43669090, 0x000001fb43669a30,
0x000001fb43689720, 0x000001fb4385cda0, 0x000001fb480756d0, 0x000001fb487d2de0,
0x000001fb486701d0, 0x000001fb4866fb40, 0x000001fb4866f4b0, 0x000001fb48670860,
0x000001fb4866e790, 0x000001fb48671580, 0x000001fb48671c10, 0x000001fb4866ee20,
0x000001fb49fae540, 0x000001fb49fb2050, 0x000001fb49faf260, 0x000001fb49faebd0,
0x000001fb49fb26e0, 0x000001fb49fb2d70, 0x000001fb49fb19c0, 0x000001fb49fb0ca0,
0x000001fb49faf8f0, 0x000001fb49fb3400, 0x000001fb49faff80, 0x000001fb49fb3a90,
0x000001fb49fb0610, 0x000001fb49fb4120, 0x000001fb49fb47b0, 0x000001fb49fb1330,
0x000001fb49fb4e40, 0x000001fb49fb5b60, 0x000001fb49fb54d0, 0x000001fb4a2ee5c0,
0x000001fb4a2ef2e0, 0x000001fb4a2f0d20, 0x000001fb4a2f0690, 0x000001fb4a2f0000,
0x000001fb4a2f13b0, 0x000001fb4a2f1a40, 0x000001fb4990eaf0, 0x000001fb4990dd50,
0x000001fb4a2f20d0
}

Java Threads: ( => current thread )
  0x000001fb6990b900 JavaThread "main"                              [_thread_blocked, id=47208, stack(0x000000fb59500000,0x000000fb59600000) (1024K)]
  0x000001fb436544b0 JavaThread "Reference Handler"          daemon [_thread_blocked, id=30412, stack(0x000000fb59900000,0x000000fb59a00000) (1024K)]
  0x000001fb005fd660 JavaThread "Finalizer"                  daemon [_thread_blocked, id=39224, stack(0x000000fb59a00000,0x000000fb59b00000) (1024K)]
  0x000001fb436628a0 JavaThread "Signal Dispatcher"          daemon [_thread_blocked, id=38052, stack(0x000000fb59b00000,0x000000fb59c00000) (1024K)]
  0x000001fb43663690 JavaThread "Attach Listener"            daemon [_thread_blocked, id=49464, stack(0x000000fb59c00000,0x000000fb59d00000) (1024K)]
  0x000001fb43666a10 JavaThread "Service Thread"             daemon [_thread_blocked, id=48252, stack(0x000000fb59d00000,0x000000fb59e00000) (1024K)]
  0x000001fb43669090 JavaThread "Monitor Deflation Thread"   daemon [_thread_blocked, id=46232, stack(0x000000fb59e00000,0x000000fb59f00000) (1024K)]
  0x000001fb43669a30 JavaThread "C2 CompilerThread0"         daemon [_thread_in_native, id=46780, stack(0x000000fb59f00000,0x000000fb5a000000) (1024K)]
  0x000001fb43689720 JavaThread "C1 CompilerThread0"         daemon [_thread_blocked, id=44780, stack(0x000000fb5a000000,0x000000fb5a100000) (1024K)]
  0x000001fb4385cda0 JavaThread "Common-Cleaner"             daemon [_thread_blocked, id=22724, stack(0x000000fb5a200000,0x000000fb5a300000) (1024K)]
  0x000001fb480756d0 JavaThread "Notification Thread"        daemon [_thread_blocked, id=49692, stack(0x000000fb5a300000,0x000000fb5a400000) (1024K)]
  0x000001fb487d2de0 JavaThread "Active Thread: Equinox Container: e7b46eb0-cbc1-42e5-98de-6c1fe359b688"        [_thread_blocked, id=43292, stack(0x000000fb5ab00000,0x000000fb5ac00000) (1024K)]
  0x000001fb486701d0 JavaThread "Framework Event Dispatcher: Equinox Container: e7b46eb0-cbc1-42e5-98de-6c1fe359b688" daemon [_thread_blocked, id=27312, stack(0x000000fb5a100000,0x000000fb5a200000) (1024K)]
  0x000001fb4866fb40 JavaThread "Start Level: Equinox Container: e7b46eb0-cbc1-42e5-98de-6c1fe359b688" daemon [_thread_blocked, id=40724, stack(0x000000fb5a400000,0x000000fb5a500000) (1024K)]
  0x000001fb4866f4b0 JavaThread "SCR Component Actor"        daemon [_thread_blocked, id=38608, stack(0x000000fb5ad00000,0x000000fb5ae00000) (1024K)]
  0x000001fb48670860 JavaThread "Worker-JM"                         [_thread_blocked, id=26912, stack(0x000000fb5af00000,0x000000fb5b000000) (1024K)]
  0x000001fb4866e790 JavaThread "JNA Cleaner"                daemon [_thread_blocked, id=15536, stack(0x000000fb5b100000,0x000000fb5b200000) (1024K)]
  0x000001fb48671580 JavaThread "Worker-0"                          [_thread_blocked, id=28040, stack(0x000000fb5b200000,0x000000fb5b300000) (1024K)]
  0x000001fb48671c10 JavaThread "Worker-1"                          [_thread_blocked, id=2108, stack(0x000000fb5b300000,0x000000fb5b400000) (1024K)]
  0x000001fb4866ee20 JavaThread "Thread-1"                   daemon [_thread_in_native, id=44608, stack(0x000000fb5b500000,0x000000fb5b600000) (1024K)]
  0x000001fb49fae540 JavaThread "Thread-2"                   daemon [_thread_in_native, id=29576, stack(0x000000fb5b800000,0x000000fb5b900000) (1024K)]
  0x000001fb49fb2050 JavaThread "Thread-3"                   daemon [_thread_in_native, id=26844, stack(0x000000fb5b900000,0x000000fb5ba00000) (1024K)]
  0x000001fb49faf260 JavaThread "Thread-4"                   daemon [_thread_in_native, id=49996, stack(0x000000fb5ba00000,0x000000fb5bb00000) (1024K)]
  0x000001fb49faebd0 JavaThread "Thread-5"                   daemon [_thread_in_native, id=20332, stack(0x000000fb5bb00000,0x000000fb5bc00000) (1024K)]
  0x000001fb49fb26e0 JavaThread "Thread-6"                   daemon [_thread_in_native, id=48972, stack(0x000000fb5bc00000,0x000000fb5bd00000) (1024K)]
  0x000001fb49fb2d70 JavaThread "Thread-7"                   daemon [_thread_in_native, id=29096, stack(0x000000fb5bd00000,0x000000fb5be00000) (1024K)]
  0x000001fb49fb19c0 JavaThread "Thread-8"                   daemon [_thread_in_native, id=44280, stack(0x000000fb5be00000,0x000000fb5bf00000) (1024K)]
  0x000001fb49fb0ca0 JavaThread "Thread-9"                   daemon [_thread_in_native, id=40488, stack(0x000000fb5bf00000,0x000000fb5c000000) (1024K)]
  0x000001fb49faf8f0 JavaThread "Thread-10"                  daemon [_thread_in_native, id=11876, stack(0x000000fb5c000000,0x000000fb5c100000) (1024K)]
  0x000001fb49fb3400 JavaThread "Thread-11"                  daemon [_thread_in_native, id=38272, stack(0x000000fb5c100000,0x000000fb5c200000) (1024K)]
  0x000001fb49faff80 JavaThread "Thread-12"                  daemon [_thread_in_native, id=33796, stack(0x000000fb5c200000,0x000000fb5c300000) (1024K)]
  0x000001fb49fb3a90 JavaThread "Thread-13"                  daemon [_thread_in_native, id=48532, stack(0x000000fb5c300000,0x000000fb5c400000) (1024K)]
  0x000001fb49fb0610 JavaThread "pool-2-thread-1"                   [_thread_blocked, id=26964, stack(0x000000fb5c400000,0x000000fb5c500000) (1024K)]
  0x000001fb49fb4120 JavaThread "Worker-2"                          [_thread_blocked, id=19564, stack(0x000000fb5c500000,0x000000fb5c600000) (1024K)]
  0x000001fb49fb47b0 JavaThread "WorkspaceEventsHandler"            [_thread_blocked, id=49364, stack(0x000000fb5b400000,0x000000fb5b500000) (1024K)]
  0x000001fb49fb1330 JavaThread "pool-1-thread-1"                   [_thread_blocked, id=41924, stack(0x000000fb5c600000,0x000000fb5c700000) (1024K)]
  0x000001fb49fb4e40 JavaThread "Worker-3: Building"                [_thread_in_vm, id=37640, stack(0x000000fb5c800000,0x000000fb5c900000) (1024K)]
  0x000001fb49fb5b60 JavaThread "ForkJoinPool.commonPool-worker-1" daemon [_thread_blocked, id=48816, stack(0x000000fb5c700000,0x000000fb5c800000) (1024K)]
  0x000001fb49fb54d0 JavaThread "ForkJoinPool.commonPool-worker-2" daemon [_thread_in_native, id=43508, stack(0x000000fb5c900000,0x000000fb5ca00000) (1024K)]
  0x000001fb4a2ee5c0 JavaThread "ForkJoinPool.commonPool-worker-3" daemon [_thread_blocked, id=44724, stack(0x000000fb5ca00000,0x000000fb5cb00000) (1024K)]
  0x000001fb4a2ef2e0 JavaThread "ForkJoinPool.commonPool-worker-4" daemon [_thread_in_native, id=49240, stack(0x000000fb5cb00000,0x000000fb5cc00000) (1024K)]
  0x000001fb4a2f0d20 JavaThread "ForkJoinPool.commonPool-worker-5" daemon [_thread_blocked, id=30724, stack(0x000000fb5cc00000,0x000000fb5cd00000) (1024K)]
  0x000001fb4a2f0690 JavaThread "ForkJoinPool.commonPool-worker-6" daemon [_thread_blocked, id=13916, stack(0x000000fb5cd00000,0x000000fb5ce00000) (1024K)]
  0x000001fb4a2f0000 JavaThread "ForkJoinPool.commonPool-worker-7" daemon [_thread_blocked, id=40992, stack(0x000000fb5ce00000,0x000000fb5cf00000) (1024K)]
  0x000001fb4a2f13b0 JavaThread "ForkJoinPool.commonPool-worker-8" daemon [_thread_blocked, id=43456, stack(0x000000fb5cf00000,0x000000fb5d000000) (1024K)]
  0x000001fb4a2f1a40 JavaThread "ForkJoinPool.commonPool-worker-9" daemon [_thread_in_native, id=47700, stack(0x000000fb5d000000,0x000000fb5d100000) (1024K)]
  0x000001fb4990eaf0 JavaThread "C2 CompilerThread1"         daemon [_thread_in_vm, id=41868, stack(0x000000fb5d100000,0x000000fb5d200000) (1024K)]
=>0x000001fb4990dd50 JavaThread "C2 CompilerThread2"         daemon [_thread_in_native, id=23760, stack(0x000000fb5d200000,0x000000fb5d300000) (1024K)]
  0x000001fb4a2f20d0 JavaThread "Compiler Source File Reader" daemon [_thread_blocked, id=25364, stack(0x000000fb5d300000,0x000000fb5d400000) (1024K)]
Total: 49

Other Threads:
  0x000001fb005e54d0 VMThread "VM Thread"                           [id=8836, stack(0x000000fb59800000,0x000000fb59900000) (1024K)]
  0x000001fb004dca00 WatcherThread "VM Periodic Task Thread"        [id=41820, stack(0x000000fb59700000,0x000000fb59800000) (1024K)]
  0x000001fb69929ee0 WorkerThread "GC Thread#0"                     [id=33828, stack(0x000000fb59600000,0x000000fb59700000) (1024K)]
  0x000001fb48370d00 WorkerThread "GC Thread#1"                     [id=49012, stack(0x000000fb5a500000,0x000000fb5a600000) (1024K)]
  0x000001fb487b2020 WorkerThread "GC Thread#2"                     [id=48120, stack(0x000000fb5a600000,0x000000fb5a700000) (1024K)]
  0x000001fb4881f310 WorkerThread "GC Thread#3"                     [id=25012, stack(0x000000fb5a700000,0x000000fb5a800000) (1024K)]
  0x000001fb4881f6c0 WorkerThread "GC Thread#4"                     [id=38284, stack(0x000000fb5a800000,0x000000fb5a900000) (1024K)]
  0x000001fb484d2900 WorkerThread "GC Thread#5"                     [id=14384, stack(0x000000fb5a900000,0x000000fb5aa00000) (1024K)]
  0x000001fb484d2cb0 WorkerThread "GC Thread#6"                     [id=16060, stack(0x000000fb5aa00000,0x000000fb5ab00000) (1024K)]
  0x000001fb4866ce00 WorkerThread "GC Thread#7"                     [id=5576, stack(0x000000fb5ac00000,0x000000fb5ad00000) (1024K)]
  0x000001fb43966fa0 WorkerThread "GC Thread#8"                     [id=50032, stack(0x000000fb5ae00000,0x000000fb5af00000) (1024K)]
  0x000001fb4851ecc0 WorkerThread "GC Thread#9"                     [id=37128, stack(0x000000fb5b000000,0x000000fb5b100000) (1024K)]
Total: 12

Threads with active compile tasks:
C2 CompilerThread0  29200 4879   !   4       org.eclipse.osgi.internal.loader.BundleLoader::findClass0 (490 bytes)
C2 CompilerThread1  29200 5303       4       java.util.Hashtable$Enumerator::nextElement (111 bytes)
C2 CompilerThread2  29200 4966       4       org.lombokweb.asm.ClassReader::readMethod (1070 bytes)
Total: 3

VM state: not at safepoint (normal execution)

VM Mutex/Monitor currently owned by a thread: None

Heap address: 0x0000000080000000, size: 2048 MB, Compressed Oops mode: 32-bit

CDS archive(s) mapped at: [0x000001fb01000000-0x000001fb01ba0000-0x000001fb01ba0000), size 12189696, SharedBaseAddress: 0x000001fb01000000, ArchiveRelocationMode: 1.
Compressed class space mapped at: 0x000001fb02000000-0x000001fb42000000, reserved size: 1073741824
Narrow klass base: 0x000001fb01000000, Narrow klass shift: 0, Narrow klass range: 0x100000000

GC Precious Log:
 CardTable entry size: 512
 CPUs: 12 total, 12 available
 Memory: 16067M
 Large Page Support: Disabled
 NUMA Support: Disabled
 Compressed Oops: Enabled (32-bit)
 Alignments: Space 512K, Generation 512K, Heap 2M
 Heap Min Capacity: 100M
 Heap Initial Capacity: 100M
 Heap Max Capacity: 2G
 Pre-touch: Disabled
 Parallel Workers: 10

Heap:
 PSYoungGen      total 21504K, used 1642K [0x00000000d5580000, 0x00000000d6e00000, 0x0000000100000000)
  eden space 20480K, 3% used [0x00000000d5580000,0x00000000d561e4f8,0x00000000d6980000)
  from space 1024K, 98% used [0x00000000d6b80000,0x00000000d6c7c638,0x00000000d6c80000)
  to   space 2048K, 0% used [0x00000000d6980000,0x00000000d6980000,0x00000000d6b80000)
 ParOldGen       total 68608K, used 30878K [0x0000000080000000, 0x0000000084300000, 0x00000000d5580000)
  object space 68608K, 45% used [0x0000000080000000,0x0000000081e278e8,0x0000000084300000)
 Metaspace       used 41929K, committed 42944K, reserved 1114112K
  class space    used 4295K, committed 4800K, reserved 1048576K

Card table byte_map: [0x000001fb692b0000,0x000001fb696c0000] _byte_map_base: 0x000001fb68eb0000

Marking Bits: (ParMarkBitMap*) 0x00007ffb1f654460
 Begin Bits: [0x000001fb7bdc0000, 0x000001fb7ddc0000)
 End Bits:   [0x000001fb7ddc0000, 0x000001fb7fdc0000)

Polling page: 0x000001fb67570000

Metaspace:

Usage:
  Non-class:     36.75 MB used.
      Class:      4.19 MB used.
       Both:     40.95 MB used.

Virtual space:
  Non-class space:       64.00 MB reserved,      37.25 MB ( 58%) committed,  1 nodes.
      Class space:        1.00 GB reserved,       4.69 MB ( <1%) committed,  1 nodes.
             Both:        1.06 GB reserved,      41.94 MB (  4%) committed. 

Chunk freelists:
   Non-Class:  10.77 MB
       Class:  11.37 MB
        Both:  22.13 MB

MaxMetaspaceSize: unlimited
CompressedClassSpaceSize: 1.00 GB
Initial GC threshold: 21.00 MB
Current GC threshold: 58.38 MB
CDS: on
 - commit_granule_bytes: 65536.
 - commit_granule_words: 8192.
 - virtual_space_node_default_size: 8388608.
 - enlarge_chunks_in_place: 1.
 - use_allocation_guard: 0.


Internal statistics:

num_allocs_failed_limit: 6.
num_arena_births: 1270.
num_arena_deaths: 472.
num_vsnodes_births: 2.
num_vsnodes_deaths: 0.
num_space_committed: 671.
num_space_uncommitted: 0.
num_chunks_returned_to_freelist: 678.
num_chunks_taken_from_freelist: 3446.
num_chunk_merges: 300.
num_chunk_splits: 1939.
num_chunks_enlarged: 961.
num_inconsistent_stats: 0.

CodeHeap 'non-profiled nmethods': size=120000Kb used=2721Kb max_used=2721Kb free=117279Kb
 bounds [0x000001fb745e0000, 0x000001fb74890000, 0x000001fb7bb10000]
CodeHeap 'profiled nmethods': size=120000Kb used=10271Kb max_used=10271Kb free=109728Kb
 bounds [0x000001fb6cb10000, 0x000001fb6d520000, 0x000001fb74040000]
CodeHeap 'non-nmethods': size=5760Kb used=1452Kb max_used=1467Kb free=4307Kb
 bounds [0x000001fb74040000, 0x000001fb742b0000, 0x000001fb745e0000]
CodeCache: size=245760Kb, used=14444Kb, max_used=14459Kb, free=231314Kb
 total_blobs=5649, nmethods=4939, adapters=614, full_count=0
Compilation: enabled, stopped_count=0, restarted_count=0

Compilation events (20 events):
Event: 28.112 Thread 0x000001fb43689720 nmethod 5324 0x000001fb6d513a10 code [0x000001fb6d513c60, 0x000001fb6d5146f8]
Event: 28.112 Thread 0x000001fb43689720 5321       2       org.eclipse.jdt.internal.core.builder.ClasspathJrt::hashCode (22 bytes)
Event: 28.113 Thread 0x000001fb43689720 nmethod 5321 0x000001fb6d514a90 code [0x000001fb6d514c40, 0x000001fb6d514dc8]
Event: 28.113 Thread 0x000001fb43689720 5318       2       java.util.HashSet::size (8 bytes)
Event: 28.113 Thread 0x000001fb43689720 nmethod 5318 0x000001fb6d514e90 code [0x000001fb6d515020, 0x000001fb6d515130]
Event: 28.113 Thread 0x000001fb43689720 5317       1       java.util.stream.Collectors$CollectorImpl::characteristics (5 bytes)
Event: 28.113 Thread 0x000001fb43689720 nmethod 5317 0x000001fb74880190 code [0x000001fb74880320, 0x000001fb748803e8]
Event: 28.113 Thread 0x000001fb43689720 5320       2       org.eclipse.jdt.internal.compiler.lookup.ModuleBinding::getOrCreateDeclaredPackage (136 bytes)
Event: 28.114 Thread 0x000001fb43689720 nmethod 5320 0x000001fb6d515210 code [0x000001fb6d5154a0, 0x000001fb6d515be0]
Event: 28.114 Thread 0x000001fb43689720 5325       2       org.eclipse.jdt.internal.core.SourceRefElement::<init> (27 bytes)
Event: 28.114 Thread 0x000001fb43689720 nmethod 5325 0x000001fb6d516110 code [0x000001fb6d5162e0, 0x000001fb6d516568]
Event: 28.114 Thread 0x000001fb43689720 5315       2       org.eclipse.core.runtime.Path::fromOSString (5 bytes)
Event: 28.114 Thread 0x000001fb43689720 nmethod 5315 0x000001fb6d516710 code [0x000001fb6d5168c0, 0x000001fb6d516a38]
Event: 28.114 Thread 0x000001fb43689720 5326       1       org.eclipse.jdt.internal.core.JavaProject::getElementType (2 bytes)
Event: 28.114 Thread 0x000001fb43689720 nmethod 5326 0x000001fb74880490 code [0x000001fb74880620, 0x000001fb748806e8]
Event: 28.114 Thread 0x000001fb43689720 5322       1       lombok.core.configuration.ConfigurationKey::getType (5 bytes)
Event: 28.114 Thread 0x000001fb43689720 nmethod 5322 0x000001fb74880790 code [0x000001fb74880920, 0x000001fb748809e8]
Event: 28.114 Thread 0x000001fb43689720 5323       1       lombok.core.configuration.ConfigurationDataType::isList (5 bytes)
Event: 28.114 Thread 0x000001fb43689720 nmethod 5323 0x000001fb74880a90 code [0x000001fb74880c20, 0x000001fb74880cf0]
Event: 28.132 Thread 0x000001fb43689720 5327       2       org.eclipse.jdt.internal.compiler.lookup.Binding::<init> (10 bytes)

GC Heap History (20 events):
Event: 25.938 GC heap after
{Heap after GC invocations=16 (full 1):
 PSYoungGen      total 23552K, used 2080K [0x00000000d5580000, 0x00000000d6f00000, 0x0000000100000000)
  eden space 20992K, 0% used [0x00000000d5580000,0x00000000d5580000,0x00000000d6a00000)
  from space 2560K, 81% used [0x00000000d6a00000,0x00000000d6c08000,0x00000000d6c80000)
  to   space 2560K, 0% used [0x00000000d6c80000,0x00000000d6c80000,0x00000000d6f00000)
 ParOldGen       total 68608K, used 25282K [0x0000000080000000, 0x0000000084300000, 0x00000000d5580000)
  object space 68608K, 36% used [0x0000000080000000,0x00000000818b0b98,0x0000000084300000)
 Metaspace       used 33240K, committed 34368K, reserved 1114112K
  class space    used 3469K, committed 3968K, reserved 1048576K
}
Event: 25.996 GC heap before
{Heap before GC invocations=17 (full 1):
 PSYoungGen      total 23552K, used 23072K [0x00000000d5580000, 0x00000000d6f00000, 0x0000000100000000)
  eden space 20992K, 100% used [0x00000000d5580000,0x00000000d6a00000,0x00000000d6a00000)
  from space 2560K, 81% used [0x00000000d6a00000,0x00000000d6c08000,0x00000000d6c80000)
  to   space 2560K, 0% used [0x00000000d6c80000,0x00000000d6c80000,0x00000000d6f00000)
 ParOldGen       total 68608K, used 25282K [0x0000000080000000, 0x0000000084300000, 0x00000000d5580000)
  object space 68608K, 36% used [0x0000000080000000,0x00000000818b0b98,0x0000000084300000)
 Metaspace       used 33343K, committed 34496K, reserved 1114112K
  class space    used 3472K, committed 3968K, reserved 1048576K
}
Event: 26.001 GC heap after
{Heap after GC invocations=17 (full 1):
 PSYoungGen      total 23552K, used 2336K [0x00000000d5580000, 0x00000000d6f00000, 0x0000000100000000)
  eden space 20992K, 0% used [0x00000000d5580000,0x00000000d5580000,0x00000000d6a00000)
  from space 2560K, 91% used [0x00000000d6c80000,0x00000000d6ec8010,0x00000000d6f00000)
  to   space 2560K, 0% used [0x00000000d6a00000,0x00000000d6a00000,0x00000000d6c80000)
 ParOldGen       total 68608K, used 27178K [0x0000000080000000, 0x0000000084300000, 0x00000000d5580000)
  object space 68608K, 39% used [0x0000000080000000,0x0000000081a8ab98,0x0000000084300000)
 Metaspace       used 33343K, committed 34496K, reserved 1114112K
  class space    used 3472K, committed 3968K, reserved 1048576K
}
Event: 26.054 GC heap before
{Heap before GC invocations=18 (full 1):
 PSYoungGen      total 23552K, used 23328K [0x00000000d5580000, 0x00000000d6f00000, 0x0000000100000000)
  eden space 20992K, 100% used [0x00000000d5580000,0x00000000d6a00000,0x00000000d6a00000)
  from space 2560K, 91% used [0x00000000d6c80000,0x00000000d6ec8010,0x00000000d6f00000)
  to   space 2560K, 0% used [0x00000000d6a00000,0x00000000d6a00000,0x00000000d6c80000)
 ParOldGen       total 68608K, used 27178K [0x0000000080000000, 0x0000000084300000, 0x00000000d5580000)
  object space 68608K, 39% used [0x0000000080000000,0x0000000081a8ab98,0x0000000084300000)
 Metaspace       used 33495K, committed 34688K, reserved 1114112K
  class space    used 3473K, committed 3968K, reserved 1048576K
}
Event: 26.058 GC heap after
{Heap after GC invocations=18 (full 1):
 PSYoungGen      total 23552K, used 2136K [0x00000000d5580000, 0x00000000d6f00000, 0x0000000100000000)
  eden space 20992K, 0% used [0x00000000d5580000,0x00000000d5580000,0x00000000d6a00000)
  from space 2560K, 83% used [0x00000000d6a00000,0x00000000d6c16200,0x00000000d6c80000)
  to   space 2560K, 0% used [0x00000000d6c80000,0x00000000d6c80000,0x00000000d6f00000)
 ParOldGen       total 68608K, used 29346K [0x0000000080000000, 0x0000000084300000, 0x00000000d5580000)
  object space 68608K, 42% used [0x0000000080000000,0x0000000081ca8ba8,0x0000000084300000)
 Metaspace       used 33495K, committed 34688K, reserved 1114112K
  class space    used 3473K, committed 3968K, reserved 1048576K
}
Event: 26.277 GC heap before
{Heap before GC invocations=19 (full 1):
 PSYoungGen      total 23552K, used 23100K [0x00000000d5580000, 0x00000000d6f00000, 0x0000000100000000)
  eden space 20992K, 99% used [0x00000000d5580000,0x00000000d69f8ec8,0x00000000d6a00000)
  from space 2560K, 83% used [0x00000000d6a00000,0x00000000d6c16200,0x00000000d6c80000)
  to   space 2560K, 0% used [0x00000000d6c80000,0x00000000d6c80000,0x00000000d6f00000)
 ParOldGen       total 68608K, used 29346K [0x0000000080000000, 0x0000000084300000, 0x00000000d5580000)
  object space 68608K, 42% used [0x0000000080000000,0x0000000081ca8ba8,0x0000000084300000)
 Metaspace       used 34616K, committed 35776K, reserved 1114112K
  class space    used 3634K, committed 4096K, reserved 1048576K
}
Event: 26.281 GC heap after
{Heap after GC invocations=19 (full 1):
 PSYoungGen      total 22528K, used 1420K [0x00000000d5580000, 0x00000000d6e00000, 0x0000000100000000)
  eden space 20992K, 0% used [0x00000000d5580000,0x00000000d5580000,0x00000000d6a00000)
  from space 1536K, 92% used [0x00000000d6c80000,0x00000000d6de3320,0x00000000d6e00000)
  to   space 2048K, 0% used [0x00000000d6a00000,0x00000000d6a00000,0x00000000d6c00000)
 ParOldGen       total 68608K, used 31339K [0x0000000080000000, 0x0000000084300000, 0x00000000d5580000)
  object space 68608K, 45% used [0x0000000080000000,0x0000000081e9ada8,0x0000000084300000)
 Metaspace       used 34616K, committed 35776K, reserved 1114112K
  class space    used 3634K, committed 4096K, reserved 1048576K
}
Event: 26.316 GC heap before
{Heap before GC invocations=20 (full 1):
 PSYoungGen      total 22528K, used 3015K [0x00000000d5580000, 0x00000000d6e00000, 0x0000000100000000)
  eden space 20992K, 7% used [0x00000000d5580000,0x00000000d570e920,0x00000000d6a00000)
  from space 1536K, 92% used [0x00000000d6c80000,0x00000000d6de3320,0x00000000d6e00000)
  to   space 2048K, 0% used [0x00000000d6a00000,0x00000000d6a00000,0x00000000d6c00000)
 ParOldGen       total 68608K, used 31339K [0x0000000080000000, 0x0000000084300000, 0x00000000d5580000)
  object space 68608K, 45% used [0x0000000080000000,0x0000000081e9ada8,0x0000000084300000)
 Metaspace       used 34727K, committed 35840K, reserved 1114112K
  class space    used 3638K, committed 4096K, reserved 1048576K
}
Event: 26.318 GC heap after
{Heap after GC invocations=20 (full 1):
 PSYoungGen      total 23040K, used 508K [0x00000000d5580000, 0x00000000d6d00000, 0x0000000100000000)
  eden space 20992K, 0% used [0x00000000d5580000,0x00000000d5580000,0x00000000d6a00000)
  from space 2048K, 24% used [0x00000000d6a00000,0x00000000d6a7f290,0x00000000d6c00000)
  to   space 1024K, 0% used [0x00000000d6c00000,0x00000000d6c00000,0x00000000d6d00000)
 ParOldGen       total 68608K, used 32493K [0x0000000080000000, 0x0000000084300000, 0x00000000d5580000)
  object space 68608K, 47% used [0x0000000080000000,0x0000000081fbb5b0,0x0000000084300000)
 Metaspace       used 34727K, committed 35840K, reserved 1114112K
  class space    used 3638K, committed 4096K, reserved 1048576K
}
Event: 26.318 GC heap before
{Heap before GC invocations=21 (full 2):
 PSYoungGen      total 23040K, used 508K [0x00000000d5580000, 0x00000000d6d00000, 0x0000000100000000)
  eden space 20992K, 0% used [0x00000000d5580000,0x00000000d5580000,0x00000000d6a00000)
  from space 2048K, 24% used [0x00000000d6a00000,0x00000000d6a7f290,0x00000000d6c00000)
  to   space 1024K, 0% used [0x00000000d6c00000,0x00000000d6c00000,0x00000000d6d00000)
 ParOldGen       total 68608K, used 32493K [0x0000000080000000, 0x0000000084300000, 0x00000000d5580000)
  object space 68608K, 47% used [0x0000000080000000,0x0000000081fbb5b0,0x0000000084300000)
 Metaspace       used 34727K, committed 35840K, reserved 1114112K
  class space    used 3638K, committed 4096K, reserved 1048576K
}
Event: 26.375 GC heap after
{Heap after GC invocations=21 (full 2):
 PSYoungGen      total 23040K, used 0K [0x00000000d5580000, 0x00000000d6d00000, 0x0000000100000000)
  eden space 20992K, 0% used [0x00000000d5580000,0x00000000d5580000,0x00000000d6a00000)
  from space 2048K, 0% used [0x00000000d6a00000,0x00000000d6a00000,0x00000000d6c00000)
  to   space 1024K, 0% used [0x00000000d6c00000,0x00000000d6c00000,0x00000000d6d00000)
 ParOldGen       total 68608K, used 28960K [0x0000000080000000, 0x0000000084300000, 0x00000000d5580000)
  object space 68608K, 42% used [0x0000000080000000,0x0000000081c480f8,0x0000000084300000)
 Metaspace       used 34323K, committed 35840K, reserved 1114112K
  class space    used 3521K, committed 4096K, reserved 1048576K
}
Event: 26.868 GC heap before
{Heap before GC invocations=22 (full 2):
 PSYoungGen      total 23040K, used 20955K [0x00000000d5580000, 0x00000000d6d00000, 0x0000000100000000)
  eden space 20992K, 99% used [0x00000000d5580000,0x00000000d69f6d40,0x00000000d6a00000)
  from space 2048K, 0% used [0x00000000d6a00000,0x00000000d6a00000,0x00000000d6c00000)
  to   space 1024K, 0% used [0x00000000d6c00000,0x00000000d6c00000,0x00000000d6d00000)
 ParOldGen       total 68608K, used 28960K [0x0000000080000000, 0x0000000084300000, 0x00000000d5580000)
  object space 68608K, 42% used [0x0000000080000000,0x0000000081c480f8,0x0000000084300000)
 Metaspace       used 35904K, committed 36864K, reserved 1114112K
  class space    used 3695K, committed 4096K, reserved 1048576K
}
Event: 26.871 GC heap after
{Heap after GC invocations=22 (full 2):
 PSYoungGen      total 22016K, used 576K [0x00000000d5580000, 0x00000000d6d00000, 0x0000000100000000)
  eden space 20992K, 0% used [0x00000000d5580000,0x00000000d5580000,0x00000000d6a00000)
  from space 1024K, 56% used [0x00000000d6c00000,0x00000000d6c90000,0x00000000d6d00000)
  to   space 1024K, 0% used [0x00000000d6b00000,0x00000000d6b00000,0x00000000d6c00000)
 ParOldGen       total 68608K, used 28968K [0x0000000080000000, 0x0000000084300000, 0x00000000d5580000)
  object space 68608K, 42% used [0x0000000080000000,0x0000000081c4a0f8,0x0000000084300000)
 Metaspace       used 35904K, committed 36864K, reserved 1114112K
  class space    used 3695K, committed 4096K, reserved 1048576K
}
Event: 27.226 GC heap before
{Heap before GC invocations=23 (full 2):
 PSYoungGen      total 22016K, used 21568K [0x00000000d5580000, 0x00000000d6d00000, 0x0000000100000000)
  eden space 20992K, 100% used [0x00000000d5580000,0x00000000d6a00000,0x00000000d6a00000)
  from space 1024K, 56% used [0x00000000d6c00000,0x00000000d6c90000,0x00000000d6d00000)
  to   space 1024K, 0% used [0x00000000d6b00000,0x00000000d6b00000,0x00000000d6c00000)
 ParOldGen       total 68608K, used 28968K [0x0000000080000000, 0x0000000084300000, 0x00000000d5580000)
  object space 68608K, 42% used [0x0000000080000000,0x0000000081c4a0f8,0x0000000084300000)
 Metaspace       used 37240K, committed 38144K, reserved 1114112K
  class space    used 3818K, committed 4224K, reserved 1048576K
}
Event: 27.228 GC heap after
{Heap after GC invocations=23 (full 2):
 PSYoungGen      total 22016K, used 1020K [0x00000000d5580000, 0x00000000d6e00000, 0x0000000100000000)
  eden space 20992K, 0% used [0x00000000d5580000,0x00000000d5580000,0x00000000d6a00000)
  from space 1024K, 99% used [0x00000000d6b00000,0x00000000d6bff058,0x00000000d6c00000)
  to   space 2048K, 0% used [0x00000000d6c00000,0x00000000d6c00000,0x00000000d6e00000)
 ParOldGen       total 68608K, used 29518K [0x0000000080000000, 0x0000000084300000, 0x00000000d5580000)
  object space 68608K, 43% used [0x0000000080000000,0x0000000081cd3988,0x0000000084300000)
 Metaspace       used 37240K, committed 38144K, reserved 1114112K
  class space    used 3818K, committed 4224K, reserved 1048576K
}
Event: 27.310 GC heap before
{Heap before GC invocations=24 (full 2):
 PSYoungGen      total 22016K, used 22012K [0x00000000d5580000, 0x00000000d6e00000, 0x0000000100000000)
  eden space 20992K, 100% used [0x00000000d5580000,0x00000000d6a00000,0x00000000d6a00000)
  from space 1024K, 99% used [0x00000000d6b00000,0x00000000d6bff058,0x00000000d6c00000)
  to   space 2048K, 0% used [0x00000000d6c00000,0x00000000d6c00000,0x00000000d6e00000)
 ParOldGen       total 68608K, used 29518K [0x0000000080000000, 0x0000000084300000, 0x00000000d5580000)
  object space 68608K, 43% used [0x0000000080000000,0x0000000081cd3988,0x0000000084300000)
 Metaspace       used 37257K, committed 38144K, reserved 1114112K
  class space    used 3818K, committed 4224K, reserved 1048576K
}
Event: 27.311 GC heap after
{Heap after GC invocations=24 (full 2):
 PSYoungGen      total 22016K, used 886K [0x00000000d5580000, 0x00000000d6d00000, 0x0000000100000000)
  eden space 20992K, 0% used [0x00000000d5580000,0x00000000d5580000,0x00000000d6a00000)
  from space 1024K, 86% used [0x00000000d6c00000,0x00000000d6cdd9f8,0x00000000d6d00000)
  to   space 1536K, 0% used [0x00000000d6a00000,0x00000000d6a00000,0x00000000d6b80000)
 ParOldGen       total 68608K, used 30075K [0x0000000080000000, 0x0000000084300000, 0x00000000d5580000)
  object space 68608K, 43% used [0x0000000080000000,0x0000000081d5efd8,0x0000000084300000)
 Metaspace       used 37257K, committed 38144K, reserved 1114112K
  class space    used 3818K, committed 4224K, reserved 1048576K
}
Event: 27.577 GC heap before
{Heap before GC invocations=25 (full 2):
 PSYoungGen      total 22016K, used 21878K [0x00000000d5580000, 0x00000000d6d00000, 0x0000000100000000)
  eden space 20992K, 100% used [0x00000000d5580000,0x00000000d6a00000,0x00000000d6a00000)
  from space 1024K, 86% used [0x00000000d6c00000,0x00000000d6cdd9f8,0x00000000d6d00000)
  to   space 1536K, 0% used [0x00000000d6a00000,0x00000000d6a00000,0x00000000d6b80000)
 ParOldGen       total 68608K, used 30075K [0x0000000080000000, 0x0000000084300000, 0x00000000d5580000)
  object space 68608K, 43% used [0x0000000080000000,0x0000000081d5efd8,0x0000000084300000)
 Metaspace       used 39159K, committed 40064K, reserved 1114112K
  class space    used 4006K, committed 4416K, reserved 1048576K
}
Event: 27.580 GC heap after
{Heap after GC invocations=25 (full 2):
 PSYoungGen      total 22528K, used 533K [0x00000000d5580000, 0x00000000d6c80000, 0x0000000100000000)
  eden space 20992K, 0% used [0x00000000d5580000,0x00000000d5580000,0x00000000d6a00000)
  from space 1536K, 34% used [0x00000000d6a00000,0x00000000d6a857e0,0x00000000d6b80000)
  to   space 1024K, 0% used [0x00000000d6b80000,0x00000000d6b80000,0x00000000d6c80000)
 ParOldGen       total 68608K, used 30235K [0x0000000080000000, 0x0000000084300000, 0x00000000d5580000)
  object space 68608K, 44% used [0x0000000080000000,0x0000000081d86fd8,0x0000000084300000)
 Metaspace       used 39159K, committed 40064K, reserved 1114112K
  class space    used 4006K, committed 4416K, reserved 1048576K
}
Event: 28.132 GC heap before
{Heap before GC invocations=26 (full 2):
 PSYoungGen      total 22528K, used 21525K [0x00000000d5580000, 0x00000000d6c80000, 0x0000000100000000)
  eden space 20992K, 100% used [0x00000000d5580000,0x00000000d6a00000,0x00000000d6a00000)
  from space 1536K, 34% used [0x00000000d6a00000,0x00000000d6a857e0,0x00000000d6b80000)
  to   space 1024K, 0% used [0x00000000d6b80000,0x00000000d6b80000,0x00000000d6c80000)
 ParOldGen       total 68608K, used 30235K [0x0000000080000000, 0x0000000084300000, 0x00000000d5580000)
  object space 68608K, 44% used [0x0000000080000000,0x0000000081d86fd8,0x0000000084300000)
 Metaspace       used 41877K, committed 42816K, reserved 1114112K
  class space    used 4284K, committed 4736K, reserved 1048576K
}

Dll operation events (10 events):
Event: 0.116 Loaded shared library c:\Users\chara\.vscode\extensions\redhat.java-1.55.0-win32-x64\jre\21.0.11-win32-x86_64\bin\java.dll
Event: 0.252 Loaded shared library c:\Users\chara\.vscode\extensions\redhat.java-1.55.0-win32-x64\jre\21.0.11-win32-x86_64\bin\zip.dll
Event: 0.282 Loaded shared library C:\Users\chara\.vscode\extensions\redhat.java-1.55.0-win32-x64\jre\21.0.11-win32-x86_64\bin\instrument.dll
Event: 0.392 Loaded shared library C:\Users\chara\.vscode\extensions\redhat.java-1.55.0-win32-x64\jre\21.0.11-win32-x86_64\bin\net.dll
Event: 0.464 Loaded shared library C:\Users\chara\.vscode\extensions\redhat.java-1.55.0-win32-x64\jre\21.0.11-win32-x86_64\bin\nio.dll
Event: 0.467 Loaded shared library C:\Users\chara\.vscode\extensions\redhat.java-1.55.0-win32-x64\jre\21.0.11-win32-x86_64\bin\zip.dll
Event: 0.484 Loaded shared library C:\Users\chara\.vscode\extensions\redhat.java-1.55.0-win32-x64\jre\21.0.11-win32-x86_64\bin\jimage.dll
Event: 0.608 Loaded shared library c:\Users\chara\.vscode\extensions\redhat.java-1.55.0-win32-x64\jre\21.0.11-win32-x86_64\bin\verify.dll
Event: 14.390 Loaded shared library C:\Users\chara\AppData\Roaming\Code\User\globalStorage\redhat.java\1.55.0\config_ss_win\org.eclipse.equinox.launcher\org.eclipse.equinox.launcher.win32.win32.x86_64_1.3.100.v20260613-0559\eclipse_11924.dll
Event: 16.049 Loaded shared library C:\Users\chara\AppData\Local\Temp\jna-94623691\jna13460068196467243634.dll

Deoptimization events (20 events):
Event: 27.965 Thread 0x000001fb49fb5b60 DEOPT PACKING pc=0x000001fb7474d928 sp=0x000000fb5c7fe430
Event: 27.965 Thread 0x000001fb49fb5b60 DEOPT UNPACKING pc=0x000001fb74093aa2 sp=0x000000fb5c7fe3d8 mode 2
Event: 27.965 Thread 0x000001fb49fb5b60 Uncommon trap: trap_request=0xffffffc6 fr.pc=0x000001fb7474d928 relative=0x0000000000000328
Event: 27.965 Thread 0x000001fb49fb5b60 Uncommon trap: reason=bimorphic_or_optimized_type_check action=maybe_recompile pc=0x000001fb7474d928 method=java.util.Collections$UnmodifiableMap.get(Ljava/lang/Object;)Ljava/lang/Object; @ 5 c2
Event: 27.966 Thread 0x000001fb49fb5b60 DEOPT PACKING pc=0x000001fb7474d928 sp=0x000000fb5c7fe430
Event: 27.966 Thread 0x000001fb49fb5b60 DEOPT UNPACKING pc=0x000001fb74093aa2 sp=0x000000fb5c7fe3d8 mode 2
Event: 27.969 Thread 0x000001fb49fb4e40 DEOPT PACKING pc=0x000001fb6d037033 sp=0x000000fb5c8fa1c0
Event: 27.969 Thread 0x000001fb49fb4e40 DEOPT UNPACKING pc=0x000001fb74094242 sp=0x000000fb5c8f96f0 mode 0
Event: 27.969 Thread 0x000001fb49fb4e40 Uncommon trap: trap_request=0xffffff45 fr.pc=0x000001fb74699474 relative=0x0000000000001074
Event: 27.969 Thread 0x000001fb49fb4e40 Uncommon trap: reason=unstable_if action=reinterpret pc=0x000001fb74699474 method=org.lombokweb.asm.MethodWriter.putMethodInfo(Lorg/lombokweb/asm/ByteVector;)V @ 98 c2
Event: 27.969 Thread 0x000001fb49fb4e40 DEOPT PACKING pc=0x000001fb74699474 sp=0x000000fb5c8fa280
Event: 27.969 Thread 0x000001fb49fb4e40 DEOPT UNPACKING pc=0x000001fb74093aa2 sp=0x000000fb5c8fa228 mode 2
Event: 28.105 Thread 0x000001fb49fb4e40 Uncommon trap: trap_request=0xffffff45 fr.pc=0x000001fb747a526c relative=0x000000000000030c
Event: 28.105 Thread 0x000001fb49fb4e40 Uncommon trap: reason=unstable_if action=reinterpret pc=0x000001fb747a526c method=jdk.internal.jimage.ImageStringsReader.stringFromByteBufferMatches(Ljava/nio/ByteBuffer;ILjava/lang/String;I)I @ 59 c2
Event: 28.105 Thread 0x000001fb49fb4e40 DEOPT PACKING pc=0x000001fb747a526c sp=0x000000fb5c8fd150
Event: 28.105 Thread 0x000001fb49fb4e40 DEOPT UNPACKING pc=0x000001fb74093aa2 sp=0x000000fb5c8fd0c8 mode 2
Event: 28.105 Thread 0x000001fb49fb4e40 Uncommon trap: trap_request=0xffffff45 fr.pc=0x000001fb747d13e8 relative=0x0000000000000868
Event: 28.105 Thread 0x000001fb49fb4e40 Uncommon trap: reason=unstable_if action=reinterpret pc=0x000001fb747d13e8 method=jdk.internal.jrtfs.JrtFileSystem.checkNode(Ljdk/internal/jrtfs/JrtPath;)Ljdk/internal/jimage/ImageReader$Node; @ 16 c2
Event: 28.105 Thread 0x000001fb49fb4e40 DEOPT PACKING pc=0x000001fb747d13e8 sp=0x000000fb5c8fd440
Event: 28.105 Thread 0x000001fb49fb4e40 DEOPT UNPACKING pc=0x000001fb74093aa2 sp=0x000000fb5c8fd450 mode 2

Classes loaded (20 events):
Event: 27.806 Loading class java/util/stream/DistinctOps$1
Event: 27.807 Loading class java/util/stream/DistinctOps$1 done
Event: 27.808 Loading class java/util/stream/DistinctOps$1$2
Event: 27.808 Loading class java/util/stream/DistinctOps$1$2 done
Event: 27.856 Loading class java/lang/UnsupportedClassVersionError
Event: 27.856 Loading class java/lang/UnsupportedClassVersionError done
Event: 27.857 Loading class java/io/FileReader
Event: 27.857 Loading class java/io/FileReader done
Event: 27.868 Loading class java/util/Collections$SynchronizedRandomAccessList
Event: 27.868 Loading class java/util/Collections$SynchronizedList
Event: 27.869 Loading class java/util/Collections$SynchronizedList done
Event: 27.869 Loading class java/util/Collections$SynchronizedRandomAccessList done
Event: 27.912 Loading class java/util/zip/CheckedInputStream
Event: 27.912 Loading class java/util/zip/CheckedInputStream done
Event: 28.108 Loading class java/util/stream/ReduceOps$4
Event: 28.108 Loading class java/util/stream/ReduceOps$4 done
Event: 28.109 Loading class java/util/stream/ReduceOps$4ReducingSink
Event: 28.109 Loading class java/util/stream/ReduceOps$4ReducingSink done
Event: 28.111 Loading class java/nio/file/Files$2
Event: 28.111 Loading class java/nio/file/Files$2 done

Classes unloaded (20 events):
Event: 26.332 Thread 0x000001fb005e54d0 Unloading class 0x000001fb02391400 'java/lang/invoke/LambdaForm$MH+0x000001fb02391400'
Event: 26.332 Thread 0x000001fb005e54d0 Unloading class 0x000001fb02391000 'java/lang/invoke/LambdaForm$MH+0x000001fb02391000'
Event: 26.332 Thread 0x000001fb005e54d0 Unloading class 0x000001fb02390c00 'java/lang/invoke/LambdaForm$MH+0x000001fb02390c00'
Event: 26.332 Thread 0x000001fb005e54d0 Unloading class 0x000001fb02390800 'java/lang/invoke/LambdaForm$MH+0x000001fb02390800'
Event: 26.332 Thread 0x000001fb005e54d0 Unloading class 0x000001fb02390400 'java/lang/invoke/LambdaForm$MH+0x000001fb02390400'
Event: 26.332 Thread 0x000001fb005e54d0 Unloading class 0x000001fb02390000 'java/lang/invoke/LambdaForm$MH+0x000001fb02390000'
Event: 26.332 Thread 0x000001fb005e54d0 Unloading class 0x000001fb0238fc00 'java/lang/invoke/LambdaForm$MH+0x000001fb0238fc00'
Event: 26.332 Thread 0x000001fb005e54d0 Unloading class 0x000001fb0238f800 'java/lang/invoke/LambdaForm$MH+0x000001fb0238f800'
Event: 26.332 Thread 0x000001fb005e54d0 Unloading class 0x000001fb0238f400 'java/lang/invoke/LambdaForm$MH+0x000001fb0238f400'
Event: 26.332 Thread 0x000001fb005e54d0 Unloading class 0x000001fb0238f000 'java/lang/invoke/LambdaForm$MH+0x000001fb0238f000'
Event: 26.332 Thread 0x000001fb005e54d0 Unloading class 0x000001fb0238ec00 'java/lang/invoke/LambdaForm$MH+0x000001fb0238ec00'
Event: 26.332 Thread 0x000001fb005e54d0 Unloading class 0x000001fb0238e400 'java/lang/invoke/LambdaForm$DMH+0x000001fb0238e400'
Event: 26.332 Thread 0x000001fb005e54d0 Unloading class 0x000001fb0238e000 'java/lang/invoke/LambdaForm$DMH+0x000001fb0238e000'
Event: 26.332 Thread 0x000001fb005e54d0 Unloading class 0x000001fb0238dc00 'java/lang/invoke/LambdaForm$DMH+0x000001fb0238dc00'
Event: 26.332 Thread 0x000001fb005e54d0 Unloading class 0x000001fb0238d800 'java/lang/invoke/LambdaForm$DMH+0x000001fb0238d800'
Event: 26.332 Thread 0x000001fb005e54d0 Unloading class 0x000001fb0238d400 'java/lang/invoke/LambdaForm$DMH+0x000001fb0238d400'
Event: 26.332 Thread 0x000001fb005e54d0 Unloading class 0x000001fb0238d000 'java/lang/invoke/LambdaForm$DMH+0x000001fb0238d000'
Event: 26.332 Thread 0x000001fb005e54d0 Unloading class 0x000001fb0238cc00 'java/lang/invoke/LambdaForm$DMH+0x000001fb0238cc00'
Event: 26.332 Thread 0x000001fb005e54d0 Unloading class 0x000001fb0238c800 'java/lang/invoke/LambdaForm$DMH+0x000001fb0238c800'
Event: 26.332 Thread 0x000001fb005e54d0 Unloading class 0x000001fb0238c000 'java/lang/invoke/LambdaForm$DMH+0x000001fb0238c000'

Classes redefined (0 events):
No events

Internal exceptions (20 events):
Event: 27.152 Thread 0x000001fb4a2ee5c0 Exception <a 'java/lang/LinkageError'{0x00000000d6303768}: loader lombok.launch.ShadowClassLoader @2214823d attempted duplicate class definition for lombok.launch.PatchFixesHider$ValPortal. (lombok.launch.PatchFixesHider$ValPortal is in unnamed module of loader lombok.launch.ShadowClassLoader @2214823d, parent loader org.eclipse.osgi.internal.loader.EquinoxClassLoader @77c646d)> (0x00000000d6303768) 
thrown [s\src\hotspot\share\classfile\systemDictionary.cpp, line 1673]
Event: 27.155 Thread 0x000001fb4a2ef2e0 Exception <a 'java/lang/LinkageError'{0x00000000d632a258}: loader lombok.launch.ShadowClassLoader @2214823d attempted duplicate class definition for lombok.launch.PatchFixesHider$ValPortal. (lombok.launch.PatchFixesHider$ValPortal is in unnamed module of loader lombok.launch.ShadowClassLoader @2214823d, parent loader org.eclipse.osgi.internal.loader.EquinoxClassLoader @77c646d)> (0x00000000d632a258) 
thrown [s\src\hotspot\share\classfile\systemDictionary.cpp, line 1673]
Event: 27.489 Thread 0x000001fb4a2ef2e0 Exception <a 'java/lang/NoSuchMethodError'{0x00000000d6613370}: 'java.lang.Object java.lang.invoke.DirectMethodHandle$Holder.invokeSpecial(java.lang.Object, java.lang.Object, java.lang.Object, java.lang.Object, int, java.lang.Object, java.lang.Object)'> (0x00000000d6613370) 
thrown [s\src\hotspot\share\interpreter\linkResolver.cpp, line 773]
Event: 27.489 Thread 0x000001fb4a2ee5c0 Exception <a 'java/lang/NoSuchMethodError'{0x00000000d660b038}: 'java.lang.Object java.lang.invoke.DirectMethodHandle$Holder.invokeSpecial(java.lang.Object, java.lang.Object, java.lang.Object, java.lang.Object, int, java.lang.Object, java.lang.Object)'> (0x00000000d660b038) 
thrown [s\src\hotspot\share\interpreter\linkResolver.cpp, line 773]
Event: 27.489 Thread 0x000001fb49fb5b60 Exception <a 'java/lang/NoSuchMethodError'{0x00000000d6606c40}: 'java.lang.Object java.lang.invoke.DirectMethodHandle$Holder.invokeSpecial(java.lang.Object, java.lang.Object, java.lang.Object, java.lang.Object, int, java.lang.Object, java.lang.Object)'> (0x00000000d6606c40) 
thrown [s\src\hotspot\share\interpreter\linkResolver.cpp, line 773]
Event: 27.489 Thread 0x000001fb49fb54d0 Exception <a 'java/lang/NoSuchMethodError'{0x00000000d64dd828}: 'java.lang.Object java.lang.invoke.DirectMethodHandle$Holder.invokeSpecial(java.lang.Object, java.lang.Object, java.lang.Object, java.lang.Object, int, java.lang.Object, java.lang.Object)'> (0x00000000d64dd828) 
thrown [s\src\hotspot\share\interpreter\linkResolver.cpp, line 773]
Event: 27.690 Thread 0x000001fb49fb1330 Exception <a 'java/io/FileNotFoundException'{0x00000000d5927d18}> (0x00000000d5927d18) 
thrown [s\src\hotspot\share\prims\jni.cpp, line 520]
Event: 27.691 Thread 0x000001fb49fb1330 Exception <a 'java/io/FileNotFoundException'{0x00000000d59572d0}> (0x00000000d59572d0) 
thrown [s\src\hotspot\share\prims\jni.cpp, line 520]
Event: 27.691 Thread 0x000001fb49fb1330 Exception <a 'java/io/FileNotFoundException'{0x00000000d59582e8}> (0x00000000d59582e8) 
thrown [s\src\hotspot\share\prims\jni.cpp, line 520]
Event: 27.767 Thread 0x000001fb49fb1330 Exception <a 'java/lang/ClassNotFoundException'{0x00000000d5b35f50}: sun/util/logging/resources/spi/loggingProvider> (0x00000000d5b35f50) 
thrown [s\src\hotspot\share\classfile\systemDictionary.cpp, line 313]
Event: 27.778 Thread 0x000001fb49fb1330 Exception <a 'java/lang/IncompatibleClassChangeError'{0x00000000d5b8cff8}: Found class java.lang.Object, but interface was expected> (0x00000000d5b8cff8) 
thrown [s\src\hotspot\share\interpreter\linkResolver.cpp, line 840]
Event: 27.782 Thread 0x000001fb49fb1330 Exception <a 'java/lang/IncompatibleClassChangeError'{0x00000000d5b9cc48}: Found class java.lang.Object, but interface was expected> (0x00000000d5b9cc48) 
thrown [s\src\hotspot\share\interpreter\linkResolver.cpp, line 840]
Event: 27.794 Thread 0x000001fb49fb1330 Exception <a 'java/lang/IncompatibleClassChangeError'{0x00000000d5c29948}: Found class java.lang.Object, but interface was expected> (0x00000000d5c29948) 
thrown [s\src\hotspot\share\interpreter\linkResolver.cpp, line 840]
Event: 27.864 Thread 0x000001fb49fb4e40 Exception <a 'java/io/FileNotFoundException'{0x00000000d5fc4060}> (0x00000000d5fc4060) 
thrown [s\src\hotspot\share\prims\jni.cpp, line 520]
Event: 27.865 Thread 0x000001fb49fb4e40 Exception <a 'java/io/FileNotFoundException'{0x00000000d5fe1040}> (0x00000000d5fe1040) 
thrown [s\src\hotspot\share\prims\jni.cpp, line 520]
Event: 27.865 Thread 0x000001fb49fb4e40 Exception <a 'java/io/FileNotFoundException'{0x00000000d5fe2060}> (0x00000000d5fe2060) 
thrown [s\src\hotspot\share\prims\jni.cpp, line 520]
Event: 27.869 Thread 0x000001fb49fb5b60 Exception <a 'java/lang/NoSuchMethodError'{0x00000000d6062718}: 'int java.lang.invoke.Invokers$Holder.invokeExact_MT(java.lang.Object, java.lang.Object)'> (0x00000000d6062718) 
thrown [s\src\hotspot\share\interpreter\linkResolver.cpp, line 773]
Event: 27.954 Thread 0x000001fb49fb5b60 Exception <a 'java/lang/NoSuchMethodError'{0x00000000d64a2778}: 'int java.lang.invoke.DirectMethodHandle$Holder.invokeInterface(java.lang.Object, java.lang.Object)'> (0x00000000d64a2778) 
thrown [s\src\hotspot\share\interpreter\linkResolver.cpp, line 773]
Event: 27.957 Thread 0x000001fb49fb5b60 Exception <a 'java/lang/IncompatibleClassChangeError'{0x00000000d64a5a38}: Found class java.lang.Object, but interface was expected> (0x00000000d64a5a38) 
thrown [s\src\hotspot\share\interpreter\linkResolver.cpp, line 840]
Event: 28.112 Thread 0x000001fb49fb4e40 Exception <a 'java/lang/NoSuchMethodError'{0x00000000d697f8e8}: 'int java.lang.invoke.DirectMethodHandle$Holder.invokeSpecialIFC(java.lang.Object, java.lang.Object, java.lang.Object)'> (0x00000000d697f8e8) 
thrown [s\src\hotspot\share\interpreter\linkResolver.cpp, line 773]

ZGC Phase Switch (0 events):
No events

VM Operations (20 events):
Event: 26.871 Executing safepoint VM operation: ParallelGCFailedAllocation (Allocation Failure) done
Event: 27.226 Executing safepoint VM operation: ParallelGCFailedAllocation (Allocation Failure)
Event: 27.228 Executing safepoint VM operation: ParallelGCFailedAllocation (Allocation Failure) done
Event: 27.310 Executing safepoint VM operation: ParallelGCFailedAllocation (Allocation Failure)
Event: 27.311 Executing safepoint VM operation: ParallelGCFailedAllocation (Allocation Failure) done
Event: 27.436 Executing non-safepoint VM operation: HandshakeAllThreads (Deoptimize)
Event: 27.436 Executing non-safepoint VM operation: HandshakeAllThreads (Deoptimize) done
Event: 27.577 Executing safepoint VM operation: ParallelGCFailedAllocation (Allocation Failure)
Event: 27.580 Executing safepoint VM operation: ParallelGCFailedAllocation (Allocation Failure) done
Event: 27.672 Executing non-safepoint VM operation: HandshakeAllThreads (Deoptimize)
Event: 27.672 Executing non-safepoint VM operation: HandshakeAllThreads (Deoptimize) done
Event: 27.835 Executing non-safepoint VM operation: HandshakeAllThreads (Deoptimize)
Event: 27.836 Executing non-safepoint VM operation: HandshakeAllThreads (Deoptimize) done
Event: 27.858 Executing non-safepoint VM operation: HandshakeAllThreads (Deoptimize)
Event: 27.859 Executing non-safepoint VM operation: HandshakeAllThreads (Deoptimize) done
Event: 27.860 Executing non-safepoint VM operation: HandshakeAllThreads (Deoptimize)
Event: 27.860 Executing non-safepoint VM operation: HandshakeAllThreads (Deoptimize) done
Event: 27.864 Executing non-safepoint VM operation: HandshakeAllThreads (Deoptimize)
Event: 27.864 Executing non-safepoint VM operation: HandshakeAllThreads (Deoptimize) done
Event: 28.132 Executing safepoint VM operation: ParallelGCFailedAllocation (Allocation Failure)

Memory protections (0 events):
No events

Nmethod flushes (20 events):
Event: 26.341 Thread 0x000001fb005e54d0 flushing  nmethod 0x000001fb6ce30890
Event: 26.341 Thread 0x000001fb005e54d0 flushing  nmethod 0x000001fb6ce4d090
Event: 26.341 Thread 0x000001fb005e54d0 flushing  nmethod 0x000001fb6ce68c90
Event: 26.341 Thread 0x000001fb005e54d0 flushing  nmethod 0x000001fb6ce7dd10
Event: 26.341 Thread 0x000001fb005e54d0 flushing  nmethod 0x000001fb6ce81f90
Event: 26.341 Thread 0x000001fb005e54d0 flushing  nmethod 0x000001fb6ce85290
Event: 26.341 Thread 0x000001fb005e54d0 flushing  nmethod 0x000001fb6cf44b10
Event: 26.341 Thread 0x000001fb005e54d0 flushing  nmethod 0x000001fb6cf47510
Event: 26.341 Thread 0x000001fb005e54d0 flushing  nmethod 0x000001fb6cf6b410
Event: 26.341 Thread 0x000001fb005e54d0 flushing  nmethod 0x000001fb6cf6b810
Event: 26.341 Thread 0x000001fb005e54d0 flushing  nmethod 0x000001fb6cf6c590
Event: 26.341 Thread 0x000001fb005e54d0 flushing  nmethod 0x000001fb6cf70e90
Event: 26.341 Thread 0x000001fb005e54d0 flushing  nmethod 0x000001fb6cf72510
Event: 26.341 Thread 0x000001fb005e54d0 flushing  nmethod 0x000001fb6cfb2c90
Event: 26.341 Thread 0x000001fb005e54d0 flushing  nmethod 0x000001fb6cfe9e90
Event: 26.341 Thread 0x000001fb005e54d0 flushing  nmethod 0x000001fb6cfeab90
Event: 26.341 Thread 0x000001fb005e54d0 flushing  nmethod 0x000001fb6cfeaf90
Event: 26.341 Thread 0x000001fb005e54d0 flushing  nmethod 0x000001fb6cfeb710
Event: 26.341 Thread 0x000001fb005e54d0 flushing  nmethod 0x000001fb6cfec090
Event: 26.341 Thread 0x000001fb005e54d0 flushing  nmethod 0x000001fb6d006d90

Events (20 events):
Event: 23.109 Thread 0x000001fb49328460 Thread exited: 0x000001fb49328460
Event: 23.250 Thread 0x000001fb6990b900 Thread added: 0x000001fb49fb47b0
Event: 23.251 Thread 0x000001fb6990b900 Thread added: 0x000001fb49fb1330
Event: 23.259 Thread 0x000001fb43689720 Thread added: 0x000001fb48bf8b50
Event: 23.589 Thread 0x000001fb48671580 Thread added: 0x000001fb49fb4e40
Event: 25.156 Thread 0x000001fb48bf8b50 Thread exited: 0x000001fb48bf8b50
Event: 25.200 Thread 0x000001fb49fb1330 Thread added: 0x000001fb49fb5b60
Event: 25.203 Thread 0x000001fb49fb1330 Thread added: 0x000001fb49fb54d0
Event: 25.205 Thread 0x000001fb49fb1330 Thread added: 0x000001fb4a2ee5c0
Event: 25.209 Thread 0x000001fb49fb1330 Thread added: 0x000001fb4a2ef2e0
Event: 25.215 Thread 0x000001fb49fb1330 Thread added: 0x000001fb4a2f0d20
Event: 25.239 Thread 0x000001fb49fb1330 Thread added: 0x000001fb4a2f0690
Event: 25.246 Thread 0x000001fb49fb1330 Thread added: 0x000001fb4a2f0000
Event: 25.254 Thread 0x000001fb49fb1330 Thread added: 0x000001fb4a2f13b0
Event: 25.257 Thread 0x000001fb49fb1330 Thread added: 0x000001fb4a2f1a40
Event: 25.396 Thread 0x000001fb43689720 Thread added: 0x000001fb4990eaf0
Event: 25.439 Thread 0x000001fb43689720 Thread added: 0x000001fb4990f1c0
Event: 26.682 Thread 0x000001fb4990f1c0 Thread exited: 0x000001fb4990f1c0
Event: 27.222 Thread 0x000001fb4990eaf0 Thread added: 0x000001fb4990dd50
Event: 28.055 Thread 0x000001fb49fb4e40 Thread added: 0x000001fb4a2f20d0


Dynamic libraries:
0x00007ff623230000 - 0x00007ff62323e000 	c:\Users\chara\.vscode\extensions\redhat.java-1.55.0-win32-x64\jre\21.0.11-win32-x86_64\bin\java.exe
0x00007ffbde1c0000 - 0x00007ffbde426000 	C:\Windows\SYSTEM32\ntdll.dll
0x00007ffbdd6d0000 - 0x00007ffbdd799000 	C:\Windows\System32\KERNEL32.DLL
0x00007ffbdb6a0000 - 0x00007ffbdba9a000 	C:\Windows\System32\KERNELBASE.dll
0x00007ffbdbd50000 - 0x00007ffbdbe9c000 	C:\Windows\System32\ucrtbase.dll
0x00007ffbc42f0000 - 0x00007ffbc4308000 	c:\Users\chara\.vscode\extensions\redhat.java-1.55.0-win32-x64\jre\21.0.11-win32-x86_64\bin\jli.dll
0x00007ffbbfcd0000 - 0x00007ffbbfcee000 	c:\Users\chara\.vscode\extensions\redhat.java-1.55.0-win32-x64\jre\21.0.11-win32-x86_64\bin\VCRUNTIME140.dll
0x00007ffbddf00000 - 0x00007ffbde0c7000 	C:\Windows\System32\USER32.dll
0x00007ffbdb450000 - 0x00007ffbdb477000 	C:\Windows\System32\win32u.dll
0x00007ffbc2f10000 - 0x00007ffbc31a2000 	C:\Windows\WinSxS\amd64_microsoft.windows.common-controls_6595b64144ccf1df_6.0.26100.8521_none_3e08b75ce33403b3\COMCTL32.dll
0x00007ffbddcb0000 - 0x00007ffbddcdb000 	C:\Windows\System32\GDI32.dll
0x00007ffbdcff0000 - 0x00007ffbdd099000 	C:\Windows\System32\msvcrt.dll
0x00007ffbdbc20000 - 0x00007ffbdbd4b000 	C:\Windows\System32\gdi32full.dll
0x00007ffbdb480000 - 0x00007ffbdb523000 	C:\Windows\System32\msvcp_win.dll
0x00007ffbdd0a0000 - 0x00007ffbdd0d2000 	C:\Windows\System32\IMM32.DLL
0x00007ffbcb790000 - 0x00007ffbcb79c000 	c:\Users\chara\.vscode\extensions\redhat.java-1.55.0-win32-x64\jre\21.0.11-win32-x86_64\bin\vcruntime140_1.dll
0x00007ffbbe8e0000 - 0x00007ffbbe96d000 	c:\Users\chara\.vscode\extensions\redhat.java-1.55.0-win32-x64\jre\21.0.11-win32-x86_64\bin\msvcp140.dll
0x00007ffb1e990000 - 0x00007ffb1f732000 	c:\Users\chara\.vscode\extensions\redhat.java-1.55.0-win32-x64\jre\21.0.11-win32-x86_64\bin\server\jvm.dll
0x00007ffbdde40000 - 0x00007ffbddef6000 	C:\Windows\System32\ADVAPI32.dll
0x00007ffbde0d0000 - 0x00007ffbde17a000 	C:\Windows\System32\sechost.dll
0x00007ffbddb90000 - 0x00007ffbddca8000 	C:\Windows\System32\RPCRT4.dll
0x00007ffbdd3b0000 - 0x00007ffbdd430000 	C:\Windows\System32\WS2_32.dll
0x00007ffbdb2b0000 - 0x00007ffbdb30e000 	C:\Windows\SYSTEM32\POWRPROF.dll
0x00007ffbd13c0000 - 0x00007ffbd13f6000 	C:\Windows\SYSTEM32\WINMM.dll
0x00007ffbd7f00000 - 0x00007ffbd7f0b000 	C:\Windows\SYSTEM32\VERSION.dll
0x00007ffbdb290000 - 0x00007ffbdb2a4000 	C:\Windows\SYSTEM32\UMPDC.dll
0x00007ffbda1e0000 - 0x00007ffbda1fb000 	C:\Windows\SYSTEM32\kernel.appcore.dll
0x00007ffbc6f00000 - 0x00007ffbc6f0a000 	c:\Users\chara\.vscode\extensions\redhat.java-1.55.0-win32-x64\jre\21.0.11-win32-x86_64\bin\jimage.dll
0x00007ffbd8a30000 - 0x00007ffbd8c72000 	C:\Windows\SYSTEM32\DBGHELP.DLL
0x00007ffbdc040000 - 0x00007ffbdc3c3000 	C:\Windows\System32\combase.dll
0x00007ffbdd5f0000 - 0x00007ffbdd6c9000 	C:\Windows\System32\OLEAUT32.dll
0x00007ffbc1f40000 - 0x00007ffbc1f7b000 	C:\Windows\SYSTEM32\dbgcore.DLL
0x00007ffbdb5f0000 - 0x00007ffbdb698000 	C:\Windows\System32\bcryptPrimitives.dll
0x00007ffbc6aa0000 - 0x00007ffbc6aaf000 	c:\Users\chara\.vscode\extensions\redhat.java-1.55.0-win32-x64\jre\21.0.11-win32-x86_64\bin\instrument.dll
0x00007ffbbe580000 - 0x00007ffbbe5a0000 	c:\Users\chara\.vscode\extensions\redhat.java-1.55.0-win32-x64\jre\21.0.11-win32-x86_64\bin\java.dll
0x00007ffbdc860000 - 0x00007ffbdcfe4000 	C:\Windows\System32\SHELL32.dll
0x00007ffbd8fe0000 - 0x00007ffbd9860000 	C:\Windows\SYSTEM32\windows.storage.dll
0x00007ffbdd2b0000 - 0x00007ffbdd3a6000 	C:\Windows\System32\SHCORE.dll
0x00007ffbddb20000 - 0x00007ffbddb87000 	C:\Windows\System32\shlwapi.dll
0x00007ffbdb370000 - 0x00007ffbdb399000 	C:\Windows\SYSTEM32\profapi.dll
0x00007ffbb9200000 - 0x00007ffbb9218000 	c:\Users\chara\.vscode\extensions\redhat.java-1.55.0-win32-x64\jre\21.0.11-win32-x86_64\bin\zip.dll
0x00007ffbc5770000 - 0x00007ffbc5780000 	C:\Users\chara\.vscode\extensions\redhat.java-1.55.0-win32-x64\jre\21.0.11-win32-x86_64\bin\net.dll
0x00007ffbd49e0000 - 0x00007ffbd4b09000 	C:\Windows\SYSTEM32\WINHTTP.dll
0x00007ffbda750000 - 0x00007ffbda7bc000 	C:\Windows\system32\mswsock.dll
0x00007ffbb7350000 - 0x00007ffbb7366000 	C:\Users\chara\.vscode\extensions\redhat.java-1.55.0-win32-x64\jre\21.0.11-win32-x86_64\bin\nio.dll
0x00007ffbc55e0000 - 0x00007ffbc55f0000 	c:\Users\chara\.vscode\extensions\redhat.java-1.55.0-win32-x64\jre\21.0.11-win32-x86_64\bin\verify.dll
0x00007ffbb7370000 - 0x00007ffbb73b5000 	C:\Users\chara\AppData\Roaming\Code\User\globalStorage\redhat.java\1.55.0\config_ss_win\org.eclipse.equinox.launcher\org.eclipse.equinox.launcher.win32.win32.x86_64_1.3.100.v20260613-0559\eclipse_11924.dll
0x00007ffbdd110000 - 0x00007ffbdd2a8000 	C:\Windows\System32\ole32.dll
0x00007ffbdaa30000 - 0x00007ffbdaa4b000 	C:\Windows\SYSTEM32\CRYPTSP.dll
0x00007ffbda120000 - 0x00007ffbda159000 	C:\Windows\system32\rsaenh.dll
0x00007ffbda800000 - 0x00007ffbda833000 	C:\Windows\SYSTEM32\USERENV.dll
0x00007ffbdb340000 - 0x00007ffbdb36a000 	C:\Windows\SYSTEM32\bcrypt.dll
0x00007ffbdaa50000 - 0x00007ffbdaa5c000 	C:\Windows\SYSTEM32\CRYPTBASE.dll
0x00007ffbd9be0000 - 0x00007ffbd9c13000 	C:\Windows\SYSTEM32\IPHLPAPI.DLL
0x00007ffbdd0e0000 - 0x00007ffbdd0ea000 	C:\Windows\System32\NSI.dll
0x00007ffbb6b60000 - 0x00007ffbb6ba9000 	C:\Users\chara\AppData\Local\Temp\jna-94623691\jna13460068196467243634.dll
0x00007ffbdda20000 - 0x00007ffbdda28000 	C:\Windows\System32\PSAPI.DLL
0x00007ffbd50f0000 - 0x00007ffbd510d000 	C:\Windows\SYSTEM32\dhcpcsvc6.DLL
0x00007ffbd4eb0000 - 0x00007ffbd4ed5000 	C:\Windows\SYSTEM32\dhcpcsvc.DLL

JVMTI agents:
c:\Users\chara\.vscode\extensions\redhat.java-1.55.0-win32-x64\lombok\lombok-1.18.39-4050.jar path:c:\Users\chara\.vscode\extensions\redhat.java-1.55.0-win32-x64\jre\21.0.11-win32-x86_64\bin\instrument.dll, loaded, initialized, instrumentlib options:none

dbghelp: loaded successfully - version: 4.0.5 - missing functions: none
symbol engine: initialized successfully - sym options: 0x614 - pdb path: .;c:\Users\chara\.vscode\extensions\redhat.java-1.55.0-win32-x64\jre\21.0.11-win32-x86_64\bin;C:\Windows\SYSTEM32;C:\Windows\WinSxS\amd64_microsoft.windows.common-controls_6595b64144ccf1df_6.0.26100.8521_none_3e08b75ce33403b3;c:\Users\chara\.vscode\extensions\redhat.java-1.55.0-win32-x64\jre\21.0.11-win32-x86_64\bin\server;C:\Users\chara\AppData\Roaming\Code\User\globalStorage\redhat.java\1.55.0\config_ss_win\org.eclipse.equinox.launcher\org.eclipse.equinox.launcher.win32.win32.x86_64_1.3.100.v20260613-0559;C:\Users\chara\AppData\Local\Temp\jna-94623691

VM Arguments:
jvm_args: --add-modules=ALL-SYSTEM --add-opens=java.base/java.util=ALL-UNNAMED --add-opens=java.base/java.lang=ALL-UNNAMED --add-opens=java.base/sun.nio.fs=ALL-UNNAMED -Declipse.application=org.eclipse.jdt.ls.core.id1 -Dosgi.bundles.defaultStartLevel=4 -Declipse.product=org.eclipse.jdt.ls.core.product -Djava.import.generatesMetadataFilesAtProjectRoot=false -DDetectVMInstallationsJob.disabled=true -Dfile.encoding=utf8 -XX:+UseParallelGC -XX:GCTimeRatio=4 -XX:AdaptiveSizePolicyWeight=90 -Dsun.zip.disableMemoryMapping=true -Xmx2G -Xms100m -Xlog:disable -javaagent:c:\Users\chara\.vscode\extensions\redhat.java-1.55.0-win32-x64\lombok\lombok-1.18.39-4050.jar 
java_command: c:\Users\chara\.vscode\extensions\redhat.java-1.55.0-win32-x64\server\plugins\org.eclipse.equinox.launcher_1.7.200.v20260619-2039.jar -configuration c:\Users\chara\AppData\Roaming\Code\User\globalStorage\redhat.java\1.55.0\config_ss_win -data c:\Users\chara\AppData\Roaming\Code\User\workspaceStorage\a199417ad5ca6d0e7220fd05dc3a5e19\redhat.java\ss_ws --pipe=\\.\pipe\lsp-f9932d90af3619c748804b67742360f2-sock
java_class_path (initial): c:\Users\chara\.vscode\extensions\redhat.java-1.55.0-win32-x64\server\plugins\org.eclipse.equinox.launcher_1.7.200.v20260619-2039.jar
Launcher Type: SUN_STANDARD

[Global flags]
    uintx AdaptiveSizePolicyWeight                 = 90                                        {product} {command line}
     intx CICompilerCount                          = 4                                         {product} {ergonomic}
    uintx GCTimeRatio                              = 4                                         {product} {command line}
   size_t InitialHeapSize                          = 104857600                                 {product} {command line}
   size_t MaxHeapSize                              = 2147483648                                {product} {command line}
   size_t MaxNewSize                               = 715653120                                 {product} {ergonomic}
   size_t MinHeapDeltaBytes                        = 524288                                    {product} {ergonomic}
   size_t MinHeapSize                              = 104857600                                 {product} {command line}
   size_t NewSize                                  = 34603008                                  {product} {ergonomic}
    uintx NonNMethodCodeHeapSize                   = 5839372                                {pd product} {ergonomic}
    uintx NonProfiledCodeHeapSize                  = 122909434                              {pd product} {ergonomic}
   size_t OldSize                                  = 70254592                                  {product} {ergonomic}
    uintx ProfiledCodeHeapSize                     = 122909434                              {pd product} {ergonomic}
    uintx ReservedCodeCacheSize                    = 251658240                              {pd product} {ergonomic}
     bool SegmentedCodeCache                       = true                                      {product} {ergonomic}
   size_t SoftMaxHeapSize                          = 2147483648                             {manageable} {ergonomic}
     bool UseCompressedOops                        = true                           {product lp64_product} {ergonomic}
     bool UseLargePagesIndividualAllocation        = false                                  {pd product} {ergonomic}
     bool UseParallelGC                            = true                                      {product} {command line}

Logging:
Log output configuration:
 #0: stdout all=off uptime,level,tags foldmultilines=false
 #1: stderr all=off uptime,level,tags foldmultilines=false

Release file:
JAVA_VERSION="21.0.11" 
MODULES="java.base java.compiler java.datatransfer java.xml java.prefs java.desktop java.instrument java.logging java.management java.security.sasl java.naming java.rmi java.management.rmi java.net.http java.scripting java.security.jgss java.transaction.xa java.sql java.sql.rowset java.xml.crypto java.se java.smartcardio jdk.accessibility jdk.internal.jvmstat jdk.attach jdk.charsets jdk.internal.opt jdk.zipfs jdk.compiler jdk.crypto.ec jdk.crypto.cryptoki jdk.crypto.mscapi jdk.dynalink jdk.internal.ed jdk.editpad jdk.hotspot.agent jdk.httpserver jdk.internal.le jdk.internal.vm.ci jdk.internal.vm.compiler jdk.internal.vm.compiler.management jdk.jartool jdk.javadoc jdk.jcmd jdk.management jdk.management.agent jdk.jconsole jdk.jdeps jdk.jdwp.agent jdk.jdi jdk.jfr jdk.jshell jdk.jsobject jdk.jstatd jdk.localedata jdk.management.jfr jdk.naming.dns jdk.naming.rmi jdk.net jdk.nio.mapmode jdk.random jdk.sctp jdk.security.auth jdk.security.jgss jdk.unsupported jdk.unsupported.desktop jdk.xml.dom" 

Environment Variables:
PATH=D:\Program Files\Eclipse Adoptium\jdk-25.0.2.10-hotspot\bin;C:\Python313\Scripts\;C:\Python313\;C:\Windows\system32;C:\Windows;C:\Windows\System32\Wbem;C:\Windows\System32\WindowsPowerShell\v1.0\;C:\Windows\System32\OpenSSH\;C:\Program Files\dotnet\;C:\Program Files\Microsoft SQL Server\150\Tools\Binn\;C:\Program Files\Microsoft SQL Server\Client SDK\ODBC\170\Tools\Binn\;C:\Program Files (x86)\Microsoft SQL Server\160\Tools\Binn\;C:\Program Files\Microsoft SQL Server\160\Tools\Binn\;C:\Program Files\Microsoft SQL Server\160\DTS\Binn\;C:\Program Files\Git\cmd;C:\Program Files\nodejs\;C:\ProgramData\chocolatey\bin;D:\Program Files\Eclipse Adoptium\jdk-25.0.2.10-hotspot\bin;C:\Users\chara\AppData\Local\Microsoft\WindowsApps;C:\Users\chara\.dotnet\tools;C:\Users\chara\AppData\Local\Programs\Microsoft VS Code\bin;C:\Program Files\MongoDB\Server\8.0\bin;D:\Wipro_Practice\MongoDB;C:\Users\chara\AppData\Roaming\npm;C:\Program Files\nodejs;C:\Users\chara\AppData\Local\GitHubDesktop\bin;
USERNAME=chara
OS=Windows_NT
PROCESSOR_IDENTIFIER=Intel64 Family 6 Model 186 Stepping 3, GenuineIntel
TMP=C:\Users\chara\AppData\Local\Temp
TEMP=C:\Users\chara\AppData\Local\Temp




Periodic native trim disabled

---------------  S Y S T E M  ---------------

OS:
 Windows 11 , 64 bit Build 26100 (10.0.26100.8521)
OS uptime: 3 days 21:02 hours
Hyper-V role detected

CPU: total 12 (initial active 12) (6 cores per cpu, 2 threads per core) family 6 model 186 stepping 3 microcode 0x411f, cx8, cmov, fxsr, ht, mmx, 3dnowpref, sse, sse2, sse3, ssse3, sse4.1, sse4.2, popcnt, lzcnt, tsc, tscinvbit, avx, avx2, aes, erms, clmul, bmi1, bmi2, adx, sha, fma, vzeroupper, clflush, clflushopt, clwb, hv, serialize, rdtscp, rdpid, fsrm, f16c, cet_ibt, cet_ss
Processor Information for processor 0
  Max Mhz: 1300, Current Mhz: 1300, Mhz Limit: 1300
Processor Information for processor 1
  Max Mhz: 1300, Current Mhz: 1300, Mhz Limit: 1300
Processor Information for processor 2
  Max Mhz: 1300, Current Mhz: 1300, Mhz Limit: 1300
Processor Information for processor 3
  Max Mhz: 1300, Current Mhz: 1300, Mhz Limit: 1300
Processor Information for processor 4
  Max Mhz: 1300, Current Mhz: 900, Mhz Limit: 897
Processor Information for processor 5
  Max Mhz: 1300, Current Mhz: 900, Mhz Limit: 897
Processor Information for processor 6
  Max Mhz: 1300, Current Mhz: 900, Mhz Limit: 897
Processor Information for processor 7
  Max Mhz: 1300, Current Mhz: 900, Mhz Limit: 897
Processor Information for processor 8
  Max Mhz: 1300, Current Mhz: 900, Mhz Limit: 897
Processor Information for processor 9
  Max Mhz: 1300, Current Mhz: 900, Mhz Limit: 897
Processor Information for processor 10
  Max Mhz: 1300, Current Mhz: 900, Mhz Limit: 897
Processor Information for processor 11
  Max Mhz: 1300, Current Mhz: 900, Mhz Limit: 897

Memory: 4k page, system-wide physical 16067M (1410M free)
TotalPageFile size 37229M (AvailPageFile size 17M)
current process WorkingSet (physical memory assigned to process): 220M, peak: 245M
current process commit charge ("private bytes"): 336M, peak: 358M

vm_info: OpenJDK 64-Bit Server VM (21.0.11+10-LTS) for windows-amd64 JRE (21.0.11+10-LTS), built on 2026-04-21T00:00:00Z by "admin" with MS VC++ 17.12 (VS2022)

END.
